[23:58:05] [main/INFO] (FabricLoader/GameProvider) Loading Minecraft 1.21.11 with Fabric Loader 0.19.5
[23:58:06] [main/INFO] (FabricLoader) Loading 100 mods:
	- axial_cosmetics 1.1.0
	- axialutils 1.0-SNAPSHOT
	- cloth-config 21.11.153
	   \-- cloth-basic-math 0.6.1
	- emotecraft 3.2.0-b.build.159
	   |-- net_raphimc_noteblocklib 3.2.1
	   \-- translationfallbacks 1.1.0+mc1.21.8
	- entityculling 1.11.2
	   |-- transition 1.0.25
	   \-- trender 1.0.17
	- fabric-api 0.141.6+1.21.11
	- fabric-api-base 1.0.5+4ebb5c083e
	- fabric-api-lookup-api-v1 1.6.114+20dc27073e
	- fabric-biome-api-v1 17.1.1+4fc5413f3e
	- fabric-block-api-v1 1.1.10+4ebb5c083e
	- fabric-block-view-api-v2 1.0.39+4ebb5c083e
	- fabric-client-gametest-api-v1 4.3.5+bfe9fcf43e
	- fabric-command-api-v2 2.4.7+6b42a6003e
	- fabric-content-registries-v0 10.2.14+4fc5413f3e
	- fabric-convention-tags-v1 2.1.55+7f945d5b3e
	- fabric-convention-tags-v2 2.17.3+8ef948ba3e
	- fabric-crash-report-info-v1 0.3.23+4ebb5c083e
	- fabric-data-attachment-api-v1 1.8.48+eed0806f3e
	- fabric-data-generation-api-v1 23.5.0+88d7da613e
	- fabric-dimensions-v1 4.0.28+4fc5413f3e
	- fabric-entity-events-v1 3.1.1+1d0ab4303e
	- fabric-events-interaction-v0 4.1.1+3b89ecf63e
	- fabric-game-rule-api-v1 2.0.3+4fc5413f3e
	- fabric-gametest-api-v1 3.1.27+4fc5413f3e
	- fabric-item-api-v1 11.6.0+67f17bb43e
	- fabric-item-group-api-v1 4.2.36+4fc5413f3e
	- fabric-key-binding-api-v1 1.1.7+4fc5413f3e
	- fabric-language-kotlin 1.14.1+kotlin.2.4.20
	   |-- org_jetbrains_kotlin_kotlin-reflect 2.4.20
	   |-- org_jetbrains_kotlin_kotlin-stdlib 2.4.20
	   |-- org_jetbrains_kotlin_kotlin-stdlib-jdk7 2.4.20
	   |-- org_jetbrains_kotlin_kotlin-stdlib-jdk8 2.4.20
	   |-- org_jetbrains_kotlinx_atomicfu-jvm 0.33.0
	   |-- org_jetbrains_kotlinx_kotlinx-coroutines-core-jvm 1.11.0
	   |-- org_jetbrains_kotlinx_kotlinx-coroutines-jdk8 1.11.0
	   |-- org_jetbrains_kotlinx_kotlinx-datetime-jvm 0.8.0
	   |-- org_jetbrains_kotlinx_kotlinx-io-bytestring-jvm 0.9.1
	   |-- org_jetbrains_kotlinx_kotlinx-io-core-jvm 0.9.1
	   |-- org_jetbrains_kotlinx_kotlinx-serialization-cbor-jvm 1.11.0
	   |-- org_jetbrains_kotlinx_kotlinx-serialization-core-jvm 1.11.0
	   \-- org_jetbrains_kotlinx_kotlinx-serialization-json-jvm 1.11.0
	- fabric-lifecycle-events-v1 2.6.15+4ebb5c083e
	- fabric-loot-api-v2 3.0.73+3f89f5a53e
	- fabric-loot-api-v3 2.0.20+78c8b4663e
	- fabric-message-api-v1 6.1.12+4ebb5c083e
	- fabric-model-loading-api-v1 6.0.15+4fc5413f3e
	- fabric-networking-api-v1 5.1.6+6b6d71a53e
	- fabric-object-builder-api-v1 21.1.40+4fc5413f3e
	- fabric-particles-v1 4.2.12+4fc5413f3e
	- fabric-recipe-api-v1 8.2.4+4ebb5c083e
	- fabric-registry-sync-v0 6.2.6+1718722b3e
	- fabric-renderer-api-v1 8.0.3+f4ffd2e53e
	- fabric-renderer-indigo 5.0.3+f4ffd2e53e
	- fabric-rendering-fluids-v1 3.1.43+4ebb5c083e
	- fabric-rendering-v1 16.2.10+0290ad933e
	- fabric-resource-conditions-api-v1 5.0.35+4fc5413f3e
	- fabric-resource-loader-v0 3.3.4+4fc5413f3e
	- fabric-resource-loader-v1 1.0.10+78c8b4663e
	- fabric-screen-api-v1 3.1.7+4ebb5c083e
	- fabric-screen-handler-api-v1 1.3.162+4fc5413f3e
	- fabric-serialization-api-v1 1.0.5+4ebb5c083e
	- fabric-sound-api-v1 1.0.51+4fc5413f3e
	- fabric-tag-api-v1 1.3.0+88d7da613e
	- fabric-transfer-api-v1 6.0.25+4fc5413f3e
	- fabric-transitive-access-wideners-v1 7.1.0+014c8cec3e
	- fabricloader 0.19.5
	- ferritecore 8.2.0
	- geckolib 5.4.5
	- immediatelyfast 1.14.3+1.21.11
	   \-- net_lenni0451_reflect 1.6.2
	- java 25
	- lithium 0.21.4+mc1.21.11
	- minecraft 1.21.11
	- mixinextras 0.5.5
	- moreculling 1.6.2
	   |-- conditional-mixin 0.6.3
	   \-- mixinsquared 0.2.0
	- player_animation_library 1.1.10+mc.1.21.11
	- text_overflow_scroll 1.4.2
	   |-- elementa 710
	   |-- universalcraft 453
	   \-- vigilance 312
	- xaerominimap 26.5.0
	   \-- xaerolib 1.7.3
	- yet_another_config_lib_v3 3.8.2+1.21.11-fabric
	   |-- com_twelvemonkeys_common_common-image 3.12.0
	   |-- com_twelvemonkeys_common_common-io 3.12.0
	   |-- com_twelvemonkeys_common_common-lang 3.12.0
	   |-- com_twelvemonkeys_imageio_imageio-core 3.12.0
	   |-- com_twelvemonkeys_imageio_imageio-metadata 3.12.0
	   |-- com_twelvemonkeys_imageio_imageio-webp 3.12.0
	   |-- org_quiltmc_parsers_gson 0.2.1
	   \-- org_quiltmc_parsers_json 0.2.1
	- zoomify 2.15.2+1.21.11
	   \-- com_akuleshov7_ktoml-core-jvm 0.7.1
[23:58:08] [pool-2-thread-8/WARN] (FabricLoader/ModRemap) Cannot remap lambda$updateBlockEntityTicker$9 because it does not exist in any of the targets [net/minecraft/class_2818]
[23:58:08] [pool-2-thread-8/WARN] (FabricLoader/ModRemap) Cannot remap lambda$updateBlockEntityTicker$9 because it does not exist in any of the targets [net/minecraft/class_2818]
[23:58:08] [pool-2-thread-14/WARN] (FabricLoader/ModRemap) Cannot remap lambda$loadBlockModels$6 because it does not exist in any of the targets [net/minecraft/class_1092]
[23:58:08] [pool-2-thread-3/WARN] (FabricLoader/ModRemap) Cannot remap getHeldItem because it does not exist in any of the targets [net/minecraft/class_3727]
[23:58:08] [pool-2-thread-2/WARN] (FabricLoader/ModRemap) Cannot remap lambda$create$5 because it does not exist in any of the targets [net/minecraft/class_4246]
[23:58:08] [pool-2-thread-2/WARN] (FabricLoader/ModRemap) Cannot remap lambda$create$8 because it does not exist in any of the targets [net/minecraft/class_4246]
[23:58:08] [pool-2-thread-9/WARN] (FabricLoader/ModRemap) Cannot remap lambda$create$6 because it does not exist in any of the targets [net/minecraft/class_4096]
[23:58:08] [pool-2-thread-9/WARN] (FabricLoader/ModRemap) Cannot remap lambda$create$8 because it does not exist in any of the targets [net/minecraft/class_4096]
[23:58:08] [pool-2-thread-9/WARN] (FabricLoader/ModRemap) Cannot remap lambda$create$8 because it does not exist in any of the targets [net/minecraft/class_4096]
[23:58:09] [pool-2-thread-7/WARN] (FabricLoader/ModRemap) Cannot remap lambda$getTicker$0 because it does not exist in any of the targets [net/minecraft/class_8236]
[23:58:09] [pool-2-thread-3/WARN] (FabricLoader/ModRemap) Cannot remap lambda$getTicker$2 because it does not exist in any of the targets [net/minecraft/class_7268]
[23:58:09] [pool-2-thread-10/WARN] (FabricLoader/ModRemap) Cannot remap lambda$getTicker$1 because it does not exist in any of the targets [net/minecraft/class_5703]
[23:58:09] [pool-2-thread-10/WARN] (FabricLoader/ModRemap) Cannot remap tick because it does not exist in any of the targets [net/minecraft/class_11890]
[23:58:11] [main/INFO] (FabricLoader/Mixin) SpongePowered MIXIN Subsystem Version=0.8.7 Source=file:/Users/blackarcadia/.gradle/caches/modules-2/files-2.1/net.fabricmc/sponge-mixin/0.17.4+mixin.0.8.7/5f66cc9f59b8efaa942155a3d5a30599bf6640dd/sponge-mixin-0.17.4+mixin.0.8.7.jar Service=Knot/Fabric Env=CLIENT
[23:58:11] [main/INFO] (FabricLoader/Mixin) Loaded Fabric development mappings for mixin remapper!
[23:58:12] [main/WARN] (FabricLoader/Mixin) Reference map 'yet_another_config_lib_v3.refmap.json' for yacl.mixins.json could not be read. If this is a development environment you can ignore this message
[23:58:12] [main/WARN] (FabricLoader/Mixin) Reference map 'yet_another_config_lib_v3.refmap.json' for yacl-fabric.mixins.json could not be read. If this is a development environment you can ignore this message
[23:58:12] [main/INFO] (Lithium) Loaded configuration file for Lithium: 171 options available, 0 override(s) found.
[23:58:12] [main/WARN] (FabricLoader/Mixin) Reference map 'xaerominimap.refmap.json' for xaerohud.mixins.json could not be read. If this is a development environment you can ignore this message
[23:58:12] [main/WARN] (FabricLoader/Mixin) Reference map 'xaerominimap.refmap.json' for xaerohud.fabric.mixins.json could not be read. If this is a development environment you can ignore this message
[23:58:12] [main/WARN] (FabricLoader/Mixin) Reference map 'xaerominimap.refmap.json' for xaerominimap.mixins.json could not be read. If this is a development environment you can ignore this message
[23:58:12] [main/WARN] (FabricLoader/Mixin) Reference map 'xaerolib.refmap.json' for xaerolib.mixins.json could not be read. If this is a development environment you can ignore this message
[23:58:12] [main/WARN] (FabricLoader/Mixin) Reference map 'moreculling.refmap.json' for moreculling.mixins.json could not be read. If this is a development environment you can ignore this message
[23:58:12] [main/WARN] (FabricLoader/Mixin) Reference map 'moreculling.refmap.json' for moreculling.fabric.mixins.json could not be read. If this is a development environment you can ignore this message
[23:58:12] [main/WARN] (FabricLoader/Mixin) Reference map 'geckolib.refmap.json' for geckolib.mixins.json could not be read. If this is a development environment you can ignore this message
[23:58:12] [main/INFO] (FabricLoader/MixinExtras|Service) Initializing MixinExtras via com.llamalad7.mixinextras.service.MixinExtrasServiceImpl(version=0.5.5).
[23:58:13] [Datafixer Bootstrap/INFO] (Minecraft) 287 Datafixer optimizations took 205 milliseconds
[23:58:15] [Render thread/INFO] (Minecraft) Environment: Environment[sessionHost=https://sessionserver.mojang.com, servicesHost=https://api.minecraftservices.com, profilesHost=https://api.mojang.com, name=PROD]
[23:58:15] [Render thread/INFO] (Minecraft) Setting user: Player466
[23:58:15] [Render thread/INFO] (Minecraft) [STDOUT]: [TRender] Initializing Client...
[23:58:15] [IO-Worker-1/WARN] (Emotecraft) Failed to load built-in emote!
io.github.kosmx.emotes.server.serializer.type.EmoteSerializerException: Error has occurred while serializing an emote
	at knot//io.github.kosmx.emotes.server.serializer.UniversalEmoteSerializer.readData(UniversalEmoteSerializer.java:61)
	at knot//io.github.kosmx.emotes.server.serializer.UniversalEmoteSerializer.serializeInternalJson(UniversalEmoteSerializer.java:134)
	at knot//io.github.kosmx.emotes.server.serializer.UniversalEmoteSerializer.loadEmotes(UniversalEmoteSerializer.java:99)
	at java.base/java.util.concurrent.CompletableFuture$AsyncSupply.run(CompletableFuture.java:1789)
	at java.base/java.util.concurrent.ThreadPoolExecutor.runWorker(ThreadPoolExecutor.java:1090)
	at java.base/java.util.concurrent.ThreadPoolExecutor$Worker.run(ThreadPoolExecutor.java:614)
	at java.base/java.lang.Thread.run(Thread.java:1474)
Caused by: java.lang.NoClassDefFoundError: team/unnamed/mocha/parser/ast/Expression
	at knot//com.zigythebird.playeranimcore.PlayerAnimLib.<clinit>(PlayerAnimLib.java:22)
	at knot//com.zigythebird.playeranimcore.loading.UniversalAnimLoader.loadAnimations(UniversalAnimLoader.java:35)
	at knot//io.github.kosmx.emotes.server.serializer.type.impl.JsonEmoteWrapper.read(JsonEmoteWrapper.java:17)
	at knot//io.github.kosmx.emotes.server.serializer.UniversalEmoteSerializer.readData(UniversalEmoteSerializer.java:57)
	... 6 more
Caused by: java.lang.ClassNotFoundException: team.unnamed.mocha.parser.ast.Expression
	at java.base/jdk.internal.loader.BuiltinClassLoader.loadClass(BuiltinClassLoader.java:580)
	at java.base/java.lang.ClassLoader.loadClass(ClassLoader.java:490)
	at net.fabricmc.loader.impl.launch.knot.KnotClassDelegate.loadClass(KnotClassDelegate.java:239)
	at net.fabricmc.loader.impl.launch.knot.KnotClassLoader.loadClass(KnotClassLoader.java:119)
	at java.base/java.lang.ClassLoader.loadClass(ClassLoader.java:490)
	... 10 more
[23:58:15] [IO-Worker-1/WARN] (Emotecraft) Failed to load built-in emote!
io.github.kosmx.emotes.server.serializer.type.EmoteSerializerException: Error has occurred while serializing an emote
	at knot//io.github.kosmx.emotes.server.serializer.UniversalEmoteSerializer.readData(UniversalEmoteSerializer.java:61)
	at knot//io.github.kosmx.emotes.server.serializer.UniversalEmoteSerializer.serializeInternalJson(UniversalEmoteSerializer.java:134)
	at knot//io.github.kosmx.emotes.server.serializer.UniversalEmoteSerializer.loadEmotes(UniversalEmoteSerializer.java:100)
	at java.base/java.util.concurrent.CompletableFuture$AsyncSupply.run(CompletableFuture.java:1789)
	at java.base/java.util.concurrent.ThreadPoolExecutor.runWorker(ThreadPoolExecutor.java:1090)
	at java.base/java.util.concurrent.ThreadPoolExecutor$Worker.run(ThreadPoolExecutor.java:614)
	at java.base/java.lang.Thread.run(Thread.java:1474)
Caused by: java.lang.NoClassDefFoundError: Could not initialize class com.zigythebird.playeranimcore.PlayerAnimLib
	at knot//com.zigythebird.playeranimcore.loading.UniversalAnimLoader.loadAnimations(UniversalAnimLoader.java:35)
	at knot//io.github.kosmx.emotes.server.serializer.type.impl.JsonEmoteWrapper.read(JsonEmoteWrapper.java:17)
	at knot//io.github.kosmx.emotes.server.serializer.UniversalEmoteSerializer.readData(UniversalEmoteSerializer.java:57)
	... 6 more
Caused by: java.lang.ExceptionInInitializerError: Exception java.lang.NoClassDefFoundError: team/unnamed/mocha/parser/ast/Expression [in thread "IO-Worker-1"]
	at knot//com.zigythebird.playeranimcore.PlayerAnimLib.<clinit>(PlayerAnimLib.java:22)
	at knot//com.zigythebird.playeranimcore.loading.UniversalAnimLoader.loadAnimations(UniversalAnimLoader.java:35)
	at knot//io.github.kosmx.emotes.server.serializer.type.impl.JsonEmoteWrapper.read(JsonEmoteWrapper.java:17)
	at knot//io.github.kosmx.emotes.server.serializer.UniversalEmoteSerializer.readData(UniversalEmoteSerializer.java:57)
	at knot//io.github.kosmx.emotes.server.serializer.UniversalEmoteSerializer.serializeInternalJson(UniversalEmoteSerializer.java:134)
	at knot//io.github.kosmx.emotes.server.serializer.UniversalEmoteSerializer.loadEmotes(UniversalEmoteSerializer.java:99)
	... 4 more
[23:58:15] [IO-Worker-1/WARN] (Emotecraft) Failed to load built-in emote!
io.github.kosmx.emotes.server.serializer.type.EmoteSerializerException: Error has occurred while serializing an emote
	at knot//io.github.kosmx.emotes.server.serializer.UniversalEmoteSerializer.readData(UniversalEmoteSerializer.java:61)
	at knot//io.github.kosmx.emotes.server.serializer.UniversalEmoteSerializer.serializeInternalJson(UniversalEmoteSerializer.java:134)
	at knot//io.github.kosmx.emotes.server.serializer.UniversalEmoteSerializer.loadEmotes(UniversalEmoteSerializer.java:101)
	at java.base/java.util.concurrent.CompletableFuture$AsyncSupply.run(CompletableFuture.java:1789)
	at java.base/java.util.concurrent.ThreadPoolExecutor.runWorker(ThreadPoolExecutor.java:1090)
	at java.base/java.util.concurrent.ThreadPoolExecutor$Worker.run(ThreadPoolExecutor.java:614)
	at java.base/java.lang.Thread.run(Thread.java:1474)
Caused by: java.lang.NoClassDefFoundError: Could not initialize class com.zigythebird.playeranimcore.PlayerAnimLib
	at knot//com.zigythebird.playeranimcore.loading.UniversalAnimLoader.loadAnimations(UniversalAnimLoader.java:35)
	at knot//io.github.kosmx.emotes.server.serializer.type.impl.JsonEmoteWrapper.read(JsonEmoteWrapper.java:17)
	at knot//io.github.kosmx.emotes.server.serializer.UniversalEmoteSerializer.readData(UniversalEmoteSerializer.java:57)
	... 6 more
Caused by: java.lang.ExceptionInInitializerError: Exception java.lang.NoClassDefFoundError: team/unnamed/mocha/parser/ast/Expression [in thread "IO-Worker-1"]
	at knot//com.zigythebird.playeranimcore.PlayerAnimLib.<clinit>(PlayerAnimLib.java:22)
	at knot//com.zigythebird.playeranimcore.loading.UniversalAnimLoader.loadAnimations(UniversalAnimLoader.java:35)
	at knot//io.github.kosmx.emotes.server.serializer.type.impl.JsonEmoteWrapper.read(JsonEmoteWrapper.java:17)
	at knot//io.github.kosmx.emotes.server.serializer.UniversalEmoteSerializer.readData(UniversalEmoteSerializer.java:57)
	at knot//io.github.kosmx.emotes.server.serializer.UniversalEmoteSerializer.serializeInternalJson(UniversalEmoteSerializer.java:134)
	at knot//io.github.kosmx.emotes.server.serializer.UniversalEmoteSerializer.loadEmotes(UniversalEmoteSerializer.java:99)
	... 4 more
[23:58:15] [IO-Worker-1/WARN] (Emotecraft) Failed to load built-in emote!
io.github.kosmx.emotes.server.serializer.type.EmoteSerializerException: Error has occurred while serializing an emote
	at knot//io.github.kosmx.emotes.server.serializer.UniversalEmoteSerializer.readData(UniversalEmoteSerializer.java:61)
	at knot//io.github.kosmx.emotes.server.serializer.UniversalEmoteSerializer.serializeInternalJson(UniversalEmoteSerializer.java:134)
	at knot//io.github.kosmx.emotes.server.serializer.UniversalEmoteSerializer.loadEmotes(UniversalEmoteSerializer.java:102)
	at java.base/java.util.concurrent.CompletableFuture$AsyncSupply.run(CompletableFuture.java:1789)
	at java.base/java.util.concurrent.ThreadPoolExecutor.runWorker(ThreadPoolExecutor.java:1090)
	at java.base/java.util.concurrent.ThreadPoolExecutor$Worker.run(ThreadPoolExecutor.java:614)
	at java.base/java.lang.Thread.run(Thread.java:1474)
Caused by: java.lang.NoClassDefFoundError: Could not initialize class com.zigythebird.playeranimcore.PlayerAnimLib
	at knot//com.zigythebird.playeranimcore.loading.UniversalAnimLoader.loadAnimations(UniversalAnimLoader.java:35)
	at knot//io.github.kosmx.emotes.server.serializer.type.impl.JsonEmoteWrapper.read(JsonEmoteWrapper.java:17)
	at knot//io.github.kosmx.emotes.server.serializer.UniversalEmoteSerializer.readData(UniversalEmoteSerializer.java:57)
	... 6 more
Caused by: java.lang.ExceptionInInitializerError: Exception java.lang.NoClassDefFoundError: team/unnamed/mocha/parser/ast/Expression [in thread "IO-Worker-1"]
	at knot//com.zigythebird.playeranimcore.PlayerAnimLib.<clinit>(PlayerAnimLib.java:22)
	at knot//com.zigythebird.playeranimcore.loading.UniversalAnimLoader.loadAnimations(UniversalAnimLoader.java:35)
	at knot//io.github.kosmx.emotes.server.serializer.type.impl.JsonEmoteWrapper.read(JsonEmoteWrapper.java:17)
	at knot//io.github.kosmx.emotes.server.serializer.UniversalEmoteSerializer.readData(UniversalEmoteSerializer.java:57)
	at knot//io.github.kosmx.emotes.server.serializer.UniversalEmoteSerializer.serializeInternalJson(UniversalEmoteSerializer.java:134)
	at knot//io.github.kosmx.emotes.server.serializer.UniversalEmoteSerializer.loadEmotes(UniversalEmoteSerializer.java:99)
	... 4 more
[23:58:15] [IO-Worker-1/WARN] (Emotecraft) Failed to load built-in emote!
io.github.kosmx.emotes.server.serializer.type.EmoteSerializerException: Error has occurred while serializing an emote
	at knot//io.github.kosmx.emotes.server.serializer.UniversalEmoteSerializer.readData(UniversalEmoteSerializer.java:61)
	at knot//io.github.kosmx.emotes.server.serializer.UniversalEmoteSerializer.serializeInternalJson(UniversalEmoteSerializer.java:134)
	at knot//io.github.kosmx.emotes.server.serializer.UniversalEmoteSerializer.loadEmotes(UniversalEmoteSerializer.java:103)
	at java.base/java.util.concurrent.CompletableFuture$AsyncSupply.run(CompletableFuture.java:1789)
	at java.base/java.util.concurrent.ThreadPoolExecutor.runWorker(ThreadPoolExecutor.java:1090)
	at java.base/java.util.concurrent.ThreadPoolExecutor$Worker.run(ThreadPoolExecutor.java:614)
	at java.base/java.lang.Thread.run(Thread.java:1474)
Caused by: java.lang.NoClassDefFoundError: Could not initialize class com.zigythebird.playeranimcore.PlayerAnimLib
	at knot//com.zigythebird.playeranimcore.loading.UniversalAnimLoader.loadAnimations(UniversalAnimLoader.java:35)
	at knot//io.github.kosmx.emotes.server.serializer.type.impl.JsonEmoteWrapper.read(JsonEmoteWrapper.java:17)
	at knot//io.github.kosmx.emotes.server.serializer.UniversalEmoteSerializer.readData(UniversalEmoteSerializer.java:57)
	... 6 more
Caused by: java.lang.ExceptionInInitializerError: Exception java.lang.NoClassDefFoundError: team/unnamed/mocha/parser/ast/Expression [in thread "IO-Worker-1"]
	at knot//com.zigythebird.playeranimcore.PlayerAnimLib.<clinit>(PlayerAnimLib.java:22)
	at knot//com.zigythebird.playeranimcore.loading.UniversalAnimLoader.loadAnimations(UniversalAnimLoader.java:35)
	at knot//io.github.kosmx.emotes.server.serializer.type.impl.JsonEmoteWrapper.read(JsonEmoteWrapper.java:17)
	at knot//io.github.kosmx.emotes.server.serializer.UniversalEmoteSerializer.readData(UniversalEmoteSerializer.java:57)
	at knot//io.github.kosmx.emotes.server.serializer.UniversalEmoteSerializer.serializeInternalJson(UniversalEmoteSerializer.java:134)
	at knot//io.github.kosmx.emotes.server.serializer.UniversalEmoteSerializer.loadEmotes(UniversalEmoteSerializer.java:99)
	... 4 more
[23:58:15] [IO-Worker-1/WARN] (Emotecraft) Failed to load built-in emote!
io.github.kosmx.emotes.server.serializer.type.EmoteSerializerException: Error has occurred while serializing an emote
	at knot//io.github.kosmx.emotes.server.serializer.UniversalEmoteSerializer.readData(UniversalEmoteSerializer.java:61)
	at knot//io.github.kosmx.emotes.server.serializer.UniversalEmoteSerializer.serializeInternalJson(UniversalEmoteSerializer.java:134)
	at knot//io.github.kosmx.emotes.server.serializer.UniversalEmoteSerializer.loadEmotes(UniversalEmoteSerializer.java:104)
	at java.base/java.util.concurrent.CompletableFuture$AsyncSupply.run(CompletableFuture.java:1789)
	at java.base/java.util.concurrent.ThreadPoolExecutor.runWorker(ThreadPoolExecutor.java:1090)
	at java.base/java.util.concurrent.ThreadPoolExecutor$Worker.run(ThreadPoolExecutor.java:614)
	at java.base/java.lang.Thread.run(Thread.java:1474)
Caused by: java.lang.NoClassDefFoundError: Could not initialize class com.zigythebird.playeranimcore.PlayerAnimLib
	at knot//com.zigythebird.playeranimcore.loading.UniversalAnimLoader.loadAnimations(UniversalAnimLoader.java:35)
	at knot//io.github.kosmx.emotes.server.serializer.type.impl.JsonEmoteWrapper.read(JsonEmoteWrapper.java:17)
	at knot//io.github.kosmx.emotes.server.serializer.UniversalEmoteSerializer.readData(UniversalEmoteSerializer.java:57)
	... 6 more
Caused by: java.lang.ExceptionInInitializerError: Exception java.lang.NoClassDefFoundError: team/unnamed/mocha/parser/ast/Expression [in thread "IO-Worker-1"]
	at knot//com.zigythebird.playeranimcore.PlayerAnimLib.<clinit>(PlayerAnimLib.java:22)
	at knot//com.zigythebird.playeranimcore.loading.UniversalAnimLoader.loadAnimations(UniversalAnimLoader.java:35)
	at knot//io.github.kosmx.emotes.server.serializer.type.impl.JsonEmoteWrapper.read(JsonEmoteWrapper.java:17)
	at knot//io.github.kosmx.emotes.server.serializer.UniversalEmoteSerializer.readData(UniversalEmoteSerializer.java:57)
	at knot//io.github.kosmx.emotes.server.serializer.UniversalEmoteSerializer.serializeInternalJson(UniversalEmoteSerializer.java:134)
	at knot//io.github.kosmx.emotes.server.serializer.UniversalEmoteSerializer.loadEmotes(UniversalEmoteSerializer.java:99)
	... 4 more
[23:58:15] [IO-Worker-1/WARN] (Emotecraft) Failed to load built-in emote!
io.github.kosmx.emotes.server.serializer.type.EmoteSerializerException: Error has occurred while serializing an emote
	at knot//io.github.kosmx.emotes.server.serializer.UniversalEmoteSerializer.readData(UniversalEmoteSerializer.java:61)
	at knot//io.github.kosmx.emotes.server.serializer.UniversalEmoteSerializer.serializeInternalJson(UniversalEmoteSerializer.java:134)
	at knot//io.github.kosmx.emotes.server.serializer.UniversalEmoteSerializer.loadEmotes(UniversalEmoteSerializer.java:105)
	at java.base/java.util.concurrent.CompletableFuture$AsyncSupply.run(CompletableFuture.java:1789)
	at java.base/java.util.concurrent.ThreadPoolExecutor.runWorker(ThreadPoolExecutor.java:1090)
	at java.base/java.util.concurrent.ThreadPoolExecutor$Worker.run(ThreadPoolExecutor.java:614)
	at java.base/java.lang.Thread.run(Thread.java:1474)
Caused by: java.lang.NoClassDefFoundError: Could not initialize class com.zigythebird.playeranimcore.PlayerAnimLib
	at knot//com.zigythebird.playeranimcore.loading.UniversalAnimLoader.loadAnimations(UniversalAnimLoader.java:35)
	at knot//io.github.kosmx.emotes.server.serializer.type.impl.JsonEmoteWrapper.read(JsonEmoteWrapper.java:17)
	at knot//io.github.kosmx.emotes.server.serializer.UniversalEmoteSerializer.readData(UniversalEmoteSerializer.java:57)
	... 6 more
Caused by: java.lang.ExceptionInInitializerError: Exception java.lang.NoClassDefFoundError: team/unnamed/mocha/parser/ast/Expression [in thread "IO-Worker-1"]
	at knot//com.zigythebird.playeranimcore.PlayerAnimLib.<clinit>(PlayerAnimLib.java:22)
	at knot//com.zigythebird.playeranimcore.loading.UniversalAnimLoader.loadAnimations(UniversalAnimLoader.java:35)
	at knot//io.github.kosmx.emotes.server.serializer.type.impl.JsonEmoteWrapper.read(JsonEmoteWrapper.java:17)
	at knot//io.github.kosmx.emotes.server.serializer.UniversalEmoteSerializer.readData(UniversalEmoteSerializer.java:57)
	at knot//io.github.kosmx.emotes.server.serializer.UniversalEmoteSerializer.serializeInternalJson(UniversalEmoteSerializer.java:134)
	at knot//io.github.kosmx.emotes.server.serializer.UniversalEmoteSerializer.loadEmotes(UniversalEmoteSerializer.java:99)
	... 4 more
[23:58:15] [IO-Worker-1/WARN] (Emotecraft) Failed to load built-in emote!
io.github.kosmx.emotes.server.serializer.type.EmoteSerializerException: Error has occurred while serializing an emote
	at knot//io.github.kosmx.emotes.server.serializer.UniversalEmoteSerializer.readData(UniversalEmoteSerializer.java:61)
	at knot//io.github.kosmx.emotes.server.serializer.UniversalEmoteSerializer.serializeInternalJson(UniversalEmoteSerializer.java:134)
	at knot//io.github.kosmx.emotes.server.serializer.UniversalEmoteSerializer.loadEmotes(UniversalEmoteSerializer.java:106)
	at java.base/java.util.concurrent.CompletableFuture$AsyncSupply.run(CompletableFuture.java:1789)
	at java.base/java.util.concurrent.ThreadPoolExecutor.runWorker(ThreadPoolExecutor.java:1090)
	at java.base/java.util.concurrent.ThreadPoolExecutor$Worker.run(ThreadPoolExecutor.java:614)
	at java.base/java.lang.Thread.run(Thread.java:1474)
Caused by: java.lang.NoClassDefFoundError: Could not initialize class com.zigythebird.playeranimcore.PlayerAnimLib
	at knot//com.zigythebird.playeranimcore.loading.UniversalAnimLoader.loadAnimations(UniversalAnimLoader.java:35)
	at knot//io.github.kosmx.emotes.server.serializer.type.impl.JsonEmoteWrapper.read(JsonEmoteWrapper.java:17)
	at knot//io.github.kosmx.emotes.server.serializer.UniversalEmoteSerializer.readData(UniversalEmoteSerializer.java:57)
	... 6 more
Caused by: java.lang.ExceptionInInitializerError: Exception java.lang.NoClassDefFoundError: team/unnamed/mocha/parser/ast/Expression [in thread "IO-Worker-1"]
	at knot//com.zigythebird.playeranimcore.PlayerAnimLib.<clinit>(PlayerAnimLib.java:22)
	at knot//com.zigythebird.playeranimcore.loading.UniversalAnimLoader.loadAnimations(UniversalAnimLoader.java:35)
	at knot//io.github.kosmx.emotes.server.serializer.type.impl.JsonEmoteWrapper.read(JsonEmoteWrapper.java:17)
	at knot//io.github.kosmx.emotes.server.serializer.UniversalEmoteSerializer.readData(UniversalEmoteSerializer.java:57)
	at knot//io.github.kosmx.emotes.server.serializer.UniversalEmoteSerializer.serializeInternalJson(UniversalEmoteSerializer.java:134)
	at knot//io.github.kosmx.emotes.server.serializer.UniversalEmoteSerializer.loadEmotes(UniversalEmoteSerializer.java:99)
	... 4 more
[23:58:15] [IO-Worker-1/WARN] (Emotecraft) Failed to load built-in emote!
io.github.kosmx.emotes.server.serializer.type.EmoteSerializerException: Error has occurred while serializing an emote
	at knot//io.github.kosmx.emotes.server.serializer.UniversalEmoteSerializer.readData(UniversalEmoteSerializer.java:61)
	at knot//io.github.kosmx.emotes.server.serializer.UniversalEmoteSerializer.serializeInternalJson(UniversalEmoteSerializer.java:134)
	at knot//io.github.kosmx.emotes.server.serializer.UniversalEmoteSerializer.loadEmotes(UniversalEmoteSerializer.java:107)
	at java.base/java.util.concurrent.CompletableFuture$AsyncSupply.run(CompletableFuture.java:1789)
	at java.base/java.util.concurrent.ThreadPoolExecutor.runWorker(ThreadPoolExecutor.java:1090)
	at java.base/java.util.concurrent.ThreadPoolExecutor$Worker.run(ThreadPoolExecutor.java:614)
	at java.base/java.lang.Thread.run(Thread.java:1474)
Caused by: java.lang.NoClassDefFoundError: Could not initialize class com.zigythebird.playeranimcore.PlayerAnimLib
	at knot//com.zigythebird.playeranimcore.loading.UniversalAnimLoader.loadAnimations(UniversalAnimLoader.java:35)
	at knot//io.github.kosmx.emotes.server.serializer.type.impl.JsonEmoteWrapper.read(JsonEmoteWrapper.java:17)
	at knot//io.github.kosmx.emotes.server.serializer.UniversalEmoteSerializer.readData(UniversalEmoteSerializer.java:57)
	... 6 more
Caused by: java.lang.ExceptionInInitializerError: Exception java.lang.NoClassDefFoundError: team/unnamed/mocha/parser/ast/Expression [in thread "IO-Worker-1"]
	at knot//com.zigythebird.playeranimcore.PlayerAnimLib.<clinit>(PlayerAnimLib.java:22)
	at knot//com.zigythebird.playeranimcore.loading.UniversalAnimLoader.loadAnimations(UniversalAnimLoader.java:35)
	at knot//io.github.kosmx.emotes.server.serializer.type.impl.JsonEmoteWrapper.read(JsonEmoteWrapper.java:17)
	at knot//io.github.kosmx.emotes.server.serializer.UniversalEmoteSerializer.readData(UniversalEmoteSerializer.java:57)
	at knot//io.github.kosmx.emotes.server.serializer.UniversalEmoteSerializer.serializeInternalJson(UniversalEmoteSerializer.java:134)
	at knot//io.github.kosmx.emotes.server.serializer.UniversalEmoteSerializer.loadEmotes(UniversalEmoteSerializer.java:99)
	... 4 more
[23:58:15] [IO-Worker-1/WARN] (Emotecraft) Failed to load built-in emote!
io.github.kosmx.emotes.server.serializer.type.EmoteSerializerException: Error has occurred while serializing an emote
	at knot//io.github.kosmx.emotes.server.serializer.UniversalEmoteSerializer.readData(UniversalEmoteSerializer.java:61)
	at knot//io.github.kosmx.emotes.server.serializer.UniversalEmoteSerializer.serializeInternalJson(UniversalEmoteSerializer.java:134)
	at knot//io.github.kosmx.emotes.server.serializer.UniversalEmoteSerializer.loadEmotes(UniversalEmoteSerializer.java:108)
	at java.base/java.util.concurrent.CompletableFuture$AsyncSupply.run(CompletableFuture.java:1789)
	at java.base/java.util.concurrent.ThreadPoolExecutor.runWorker(ThreadPoolExecutor.java:1090)
	at java.base/java.util.concurrent.ThreadPoolExecutor$Worker.run(ThreadPoolExecutor.java:614)
	at java.base/java.lang.Thread.run(Thread.java:1474)
Caused by: java.lang.NoClassDefFoundError: Could not initialize class com.zigythebird.playeranimcore.PlayerAnimLib
	at knot//com.zigythebird.playeranimcore.loading.UniversalAnimLoader.loadAnimations(UniversalAnimLoader.java:35)
	at knot//io.github.kosmx.emotes.server.serializer.type.impl.JsonEmoteWrapper.read(JsonEmoteWrapper.java:17)
	at knot//io.github.kosmx.emotes.server.serializer.UniversalEmoteSerializer.readData(UniversalEmoteSerializer.java:57)
	... 6 more
Caused by: java.lang.ExceptionInInitializerError: Exception java.lang.NoClassDefFoundError: team/unnamed/mocha/parser/ast/Expression [in thread "IO-Worker-1"]
	at knot//com.zigythebird.playeranimcore.PlayerAnimLib.<clinit>(PlayerAnimLib.java:22)
	at knot//com.zigythebird.playeranimcore.loading.UniversalAnimLoader.loadAnimations(UniversalAnimLoader.java:35)
	at knot//io.github.kosmx.emotes.server.serializer.type.impl.JsonEmoteWrapper.read(JsonEmoteWrapper.java:17)
	at knot//io.github.kosmx.emotes.server.serializer.UniversalEmoteSerializer.readData(UniversalEmoteSerializer.java:57)
	at knot//io.github.kosmx.emotes.server.serializer.UniversalEmoteSerializer.serializeInternalJson(UniversalEmoteSerializer.java:134)
	at knot//io.github.kosmx.emotes.server.serializer.UniversalEmoteSerializer.loadEmotes(UniversalEmoteSerializer.java:99)
	... 4 more
[23:58:15] [IO-Worker-1/WARN] (Emotecraft) Failed to load built-in emote!
io.github.kosmx.emotes.server.serializer.type.EmoteSerializerException: Error has occurred while serializing an emote
	at knot//io.github.kosmx.emotes.server.serializer.UniversalEmoteSerializer.readData(UniversalEmoteSerializer.java:61)
	at knot//io.github.kosmx.emotes.server.serializer.UniversalEmoteSerializer.serializeInternalJson(UniversalEmoteSerializer.java:134)
	at knot//io.github.kosmx.emotes.server.serializer.UniversalEmoteSerializer.loadEmotes(UniversalEmoteSerializer.java:109)
	at java.base/java.util.concurrent.CompletableFuture$AsyncSupply.run(CompletableFuture.java:1789)
	at java.base/java.util.concurrent.ThreadPoolExecutor.runWorker(ThreadPoolExecutor.java:1090)
	at java.base/java.util.concurrent.ThreadPoolExecutor$Worker.run(ThreadPoolExecutor.java:614)
	at java.base/java.lang.Thread.run(Thread.java:1474)
Caused by: java.lang.NoClassDefFoundError: Could not initialize class com.zigythebird.playeranimcore.PlayerAnimLib
	at knot//com.zigythebird.playeranimcore.loading.UniversalAnimLoader.loadAnimations(UniversalAnimLoader.java:35)
	at knot//io.github.kosmx.emotes.server.serializer.type.impl.JsonEmoteWrapper.read(JsonEmoteWrapper.java:17)
	at knot//io.github.kosmx.emotes.server.serializer.UniversalEmoteSerializer.readData(UniversalEmoteSerializer.java:57)
	... 6 more
Caused by: java.lang.ExceptionInInitializerError: Exception java.lang.NoClassDefFoundError: team/unnamed/mocha/parser/ast/Expression [in thread "IO-Worker-1"]
	at knot//com.zigythebird.playeranimcore.PlayerAnimLib.<clinit>(PlayerAnimLib.java:22)
	at knot//com.zigythebird.playeranimcore.loading.UniversalAnimLoader.loadAnimations(UniversalAnimLoader.java:35)
	at knot//io.github.kosmx.emotes.server.serializer.type.impl.JsonEmoteWrapper.read(JsonEmoteWrapper.java:17)
	at knot//io.github.kosmx.emotes.server.serializer.UniversalEmoteSerializer.readData(UniversalEmoteSerializer.java:57)
	at knot//io.github.kosmx.emotes.server.serializer.UniversalEmoteSerializer.serializeInternalJson(UniversalEmoteSerializer.java:134)
	at knot//io.github.kosmx.emotes.server.serializer.UniversalEmoteSerializer.loadEmotes(UniversalEmoteSerializer.java:99)
	... 4 more
[23:58:15] [Render thread/INFO] (YetAnotherConfigLib) Deserializing YACLConfig from '/Users/blackarcadia/IdeaProjects/AxialClientAlpha/run/config/yacl.json5'
[23:58:15] [Download-2/ERROR] (Minecraft) Failed to fetch user properties
com.mojang.authlib.exceptions.InvalidCredentialsException: Status: 401
	at knot//com.mojang.authlib.exceptions.MinecraftClientHttpException.toAuthenticationException(MinecraftClientHttpException.java:59)
	at knot//com.mojang.authlib.yggdrasil.YggdrasilUserApiService.fetchProperties(YggdrasilUserApiService.java:150)
	at knot//net.minecraft.client.MinecraftClient.method_55608(MinecraftClient.java:457)
	at java.base/java.util.concurrent.CompletableFuture$AsyncSupply.run(CompletableFuture.java:1789)
	at java.base/java.util.concurrent.ThreadPoolExecutor.runWorker(ThreadPoolExecutor.java:1090)
	at java.base/java.util.concurrent.ThreadPoolExecutor$Worker.run(ThreadPoolExecutor.java:614)
	at java.base/java.lang.Thread.run(Thread.java:1474)
Caused by: com.mojang.authlib.exceptions.MinecraftClientHttpException: Status: 401
	at knot//com.mojang.authlib.minecraft.client.MinecraftClient.readInputStream(MinecraftClient.java:103)
	at knot//com.mojang.authlib.minecraft.client.MinecraftClient.get(MinecraftClient.java:56)
	at knot//com.mojang.authlib.yggdrasil.YggdrasilUserApiService.fetchProperties(YggdrasilUserApiService.java:121)
	... 5 more
[23:58:15] [Render thread/INFO] (MinimapLogs) No Optifine!
[23:58:15] [Render thread/INFO] (MinimapLogs) Xaero's Minimap: No Vivecraft!
[23:58:15] [Render thread/INFO] (HudMod) Registering common data for channel xaerominimap:main!
[23:58:15] [Render thread/INFO] (HudMod) Registering client data for channel xaerominimap:main!
[23:58:15] [Render thread/INFO] (HudMod) Loading primary common config for channel xaerominimap:main!
[23:58:15] [Render thread/INFO] (HudMod) Loading server config profiles for channel xaerominimap:main!
[23:58:15] [Render thread/INFO] (HudMod) Loading primary client config for channel xaerominimap:main!
[23:58:15] [Render thread/INFO] (HudMod) Loading client config profiles for channel xaerominimap:main!
[23:58:15] [Render thread/INFO] (XaeroMinimap) Loading Xaero's Minimap - Stage 1/2
[23:58:15] [Render thread/WARN] (FabricLoader/Mixin) Method overwrite conflict for axial_cosmetics$getMode in axial-cosmetics.mixins.json:AxialConfigScreenCrosshairMixin from mod axial_cosmetics, previously written by com.axial.cosmetics.mixin.AxialConfigScreenCompassMixin. Skipping method.
[23:58:15] [Render thread/WARN] (FabricLoader/Mixin) Method overwrite conflict for axial_cosmetics$getTiles in axial-cosmetics.mixins.json:AxialConfigScreenCrosshairMixin from mod axial_cosmetics, previously written by com.axial.cosmetics.mixin.AxialConfigScreenCompassMixin. Skipping method.
[23:58:15] [Render thread/WARN] (FabricLoader/Mixin) Method overwrite conflict for axial_cosmetics$getTileLabel in axial-cosmetics.mixins.json:AxialConfigScreenCrosshairMixin from mod axial_cosmetics, previously written by com.axial.cosmetics.mixin.AxialConfigScreenCompassMixin. Skipping method.
[23:58:15] [Render thread/WARN] (FabricLoader/Mixin) Method overwrite conflict for axial_cosmetics$getTileX in axial-cosmetics.mixins.json:AxialConfigScreenCrosshairMixin from mod axial_cosmetics, previously written by com.axial.cosmetics.mixin.AxialConfigScreenCompassMixin. Skipping method.
[23:58:15] [Render thread/WARN] (FabricLoader/Mixin) Method overwrite conflict for axial_cosmetics$getTileY in axial-cosmetics.mixins.json:AxialConfigScreenCrosshairMixin from mod axial_cosmetics, previously written by com.axial.cosmetics.mixin.AxialConfigScreenCompassMixin. Skipping method.
[23:58:15] [Render thread/WARN] (FabricLoader/Mixin) Method overwrite conflict for axial_cosmetics$getMode in axial-cosmetics.mixins.json:AxialConfigScreenChunkBordersMixin from mod axial_cosmetics, previously written by com.axial.cosmetics.mixin.AxialConfigScreenCompassMixin. Skipping method.
[23:58:15] [Render thread/WARN] (FabricLoader/Mixin) Method overwrite conflict for axial_cosmetics$getTiles in axial-cosmetics.mixins.json:AxialConfigScreenChunkBordersMixin from mod axial_cosmetics, previously written by com.axial.cosmetics.mixin.AxialConfigScreenCompassMixin. Skipping method.
[23:58:15] [Render thread/WARN] (FabricLoader/Mixin) Method overwrite conflict for axial_cosmetics$getTileLabel in axial-cosmetics.mixins.json:AxialConfigScreenChunkBordersMixin from mod axial_cosmetics, previously written by com.axial.cosmetics.mixin.AxialConfigScreenCompassMixin. Skipping method.
[23:58:15] [Render thread/WARN] (FabricLoader/Mixin) Method overwrite conflict for axial_cosmetics$getTileX in axial-cosmetics.mixins.json:AxialConfigScreenChunkBordersMixin from mod axial_cosmetics, previously written by com.axial.cosmetics.mixin.AxialConfigScreenCompassMixin. Skipping method.
[23:58:15] [Render thread/WARN] (FabricLoader/Mixin) Method overwrite conflict for axial_cosmetics$getTileY in axial-cosmetics.mixins.json:AxialConfigScreenChunkBordersMixin from mod axial_cosmetics, previously written by com.axial.cosmetics.mixin.AxialConfigScreenCompassMixin. Skipping method.
[23:58:15] [Render thread/WARN] (FabricLoader/Mixin) Method overwrite conflict for axial_cosmetics$addActionTile in axial-cosmetics.mixins.json:AxialConfigScreenChunkBordersMixin from mod axial_cosmetics, previously written by com.axial.cosmetics.mixin.AxialConfigScreenCrosshairMixin. Skipping method.
[23:58:15] [Render thread/WARN] (FabricLoader/Mixin) Method overwrite conflict for axial_cosmetics$getMode in axial-cosmetics.mixins.json:AxialConfigScreenWaypointsMixin from mod axial_cosmetics, previously written by com.axial.cosmetics.mixin.AxialConfigScreenCompassMixin. Skipping method.
[23:58:15] [Render thread/WARN] (FabricLoader/Mixin) Method overwrite conflict for axial_cosmetics$getTiles in axial-cosmetics.mixins.json:AxialConfigScreenWaypointsMixin from mod axial_cosmetics, previously written by com.axial.cosmetics.mixin.AxialConfigScreenCompassMixin. Skipping method.
[23:58:15] [Render thread/WARN] (FabricLoader/Mixin) Method overwrite conflict for axial_cosmetics$getTileLabel in axial-cosmetics.mixins.json:AxialConfigScreenWaypointsMixin from mod axial_cosmetics, previously written by com.axial.cosmetics.mixin.AxialConfigScreenCompassMixin. Skipping method.
[23:58:15] [Render thread/WARN] (FabricLoader/Mixin) Method overwrite conflict for axial_cosmetics$getTileX in axial-cosmetics.mixins.json:AxialConfigScreenWaypointsMixin from mod axial_cosmetics, previously written by com.axial.cosmetics.mixin.AxialConfigScreenCompassMixin. Skipping method.
[23:58:15] [Render thread/WARN] (FabricLoader/Mixin) Method overwrite conflict for axial_cosmetics$getTileY in axial-cosmetics.mixins.json:AxialConfigScreenWaypointsMixin from mod axial_cosmetics, previously written by com.axial.cosmetics.mixin.AxialConfigScreenCompassMixin. Skipping method.
[23:58:15] [Render thread/WARN] (FabricLoader/Mixin) Method overwrite conflict for axial_cosmetics$addActionTile in axial-cosmetics.mixins.json:AxialConfigScreenWaypointsMixin from mod axial_cosmetics, previously written by com.axial.cosmetics.mixin.AxialConfigScreenCrosshairMixin. Skipping method.
[23:58:15] [Render thread/WARN] (FabricLoader/Mixin) Method overwrite conflict for axial_cosmetics$getTiles in axial-cosmetics.mixins.json:AxialConfigScreenMixin from mod axial_cosmetics, previously written by com.axial.cosmetics.mixin.AxialConfigScreenCompassMixin. Skipping method.
[23:58:15] [Render thread/WARN] (FabricLoader/Mixin) Method overwrite conflict for axial_cosmetics$getMode in axial-cosmetics.mixins.json:AxialConfigScreenMixin from mod axial_cosmetics, previously written by com.axial.cosmetics.mixin.AxialConfigScreenCompassMixin. Skipping method.
[23:58:15] [Render thread/WARN] (FabricLoader/Mixin) Method overwrite conflict for axial_cosmetics$getTileLabel in axial-cosmetics.mixins.json:AxialConfigScreenMixin from mod axial_cosmetics, previously written by com.axial.cosmetics.mixin.AxialConfigScreenCompassMixin. Skipping method.
[23:58:15] [Render thread/WARN] (FabricLoader/Mixin) Method overwrite conflict for axial_cosmetics$getTileX in axial-cosmetics.mixins.json:AxialConfigScreenMixin from mod axial_cosmetics, previously written by com.axial.cosmetics.mixin.AxialConfigScreenCompassMixin. Skipping method.
[23:58:15] [Render thread/WARN] (FabricLoader/Mixin) Method overwrite conflict for axial_cosmetics$getTileY in axial-cosmetics.mixins.json:AxialConfigScreenMixin from mod axial_cosmetics, previously written by com.axial.cosmetics.mixin.AxialConfigScreenCompassMixin. Skipping method.
[23:58:15] [Render thread/WARN] (FabricLoader/Mixin) Method overwrite conflict for axial_cosmetics$getMode in axial-cosmetics.mixins.json:AxialConfigScreenItemScalerMixin from mod axial_cosmetics, previously written by com.axial.cosmetics.mixin.AxialConfigScreenCompassMixin. Skipping method.
[23:58:15] [Render thread/WARN] (FabricLoader/Mixin) Method overwrite conflict for axial_cosmetics$getTiles in axial-cosmetics.mixins.json:AxialConfigScreenItemScalerMixin from mod axial_cosmetics, previously written by com.axial.cosmetics.mixin.AxialConfigScreenCompassMixin. Skipping method.
[23:58:15] [Render thread/WARN] (FabricLoader/Mixin) Method overwrite conflict for axial_cosmetics$getTileLabel in axial-cosmetics.mixins.json:AxialConfigScreenItemScalerMixin from mod axial_cosmetics, previously written by com.axial.cosmetics.mixin.AxialConfigScreenCompassMixin. Skipping method.
[23:58:15] [Render thread/WARN] (FabricLoader/Mixin) Method overwrite conflict for axial_cosmetics$getTileX in axial-cosmetics.mixins.json:AxialConfigScreenItemScalerMixin from mod axial_cosmetics, previously written by com.axial.cosmetics.mixin.AxialConfigScreenCompassMixin. Skipping method.
[23:58:15] [Render thread/WARN] (FabricLoader/Mixin) Method overwrite conflict for axial_cosmetics$getTileY in axial-cosmetics.mixins.json:AxialConfigScreenItemScalerMixin from mod axial_cosmetics, previously written by com.axial.cosmetics.mixin.AxialConfigScreenCompassMixin. Skipping method.
[23:58:15] [Render thread/WARN] (FabricLoader/Mixin) Method overwrite conflict for axial_cosmetics$addActionTile in axial-cosmetics.mixins.json:AxialConfigScreenItemScalerMixin from mod axial_cosmetics, previously written by com.axial.cosmetics.mixin.AxialConfigScreenCrosshairMixin. Skipping method.
[23:58:15] [Render thread/INFO] (Indigo) [Indigo] Registering Indigo renderer!
[23:58:15] [Render thread/INFO] (XaeroLib) Registering common data for channel xaerolib:main!
[23:58:15] [Render thread/INFO] (XaeroLib) Registering client data for channel xaerolib:main!
[23:58:15] [Render thread/INFO] (XaeroLib) Loading primary common config for channel xaerolib:main!
[23:58:15] [Render thread/INFO] (XaeroLib) Loading server config profiles for channel xaerolib:main!
[23:58:15] [Render thread/INFO] (XaeroLib) Loading primary client config for channel xaerolib:main!
[23:58:15] [Render thread/INFO] (XaeroLib) Loading client config profiles for channel xaerolib:main!
[23:58:15] [Render thread/INFO] (XaeroLib) Loading XaeroLib common 1/2!
[23:58:15] [Render thread/INFO] (XaeroLib) Loading XaeroLib client 1/2!
[23:58:16] [Render thread/WARN] (Minecraft) Failed to get system info for Render Extensions
java.lang.IllegalStateException: Can't getDevice() before it was initialized
	at knot//com.mojang.blaze3d.systems.RenderSystem.getDevice(RenderSystem.java:299)
	at knot//net.minecraft.client.MinecraftClient.method_68671(MinecraftClient.java:2527)
	at knot//net.minecraft.util.SystemDetails.addSection(SystemDetails.java:78)
	at knot//net.minecraft.client.MinecraftClient.addSystemDetailsToCrashReport(MinecraftClient.java:2527)
	at knot//net.minecraft.client.MinecraftClient.addSystemDetailsToCrashReport(MinecraftClient.java:2497)
	at knot//net.minecraft.client.main.Main.main(Main.java:243)
	at net.fabricmc.loader.impl.game.minecraft.MinecraftGameProvider.launch(MinecraftGameProvider.java:517)
	at net.fabricmc.loader.impl.launch.knot.Knot.launch(Knot.java:72)
	at net.fabricmc.loader.impl.launch.knot.KnotClient.main(KnotClient.java:23)
	at net.fabricmc.devlaunchinjector.Main.main(Main.java:86)
